     idx       v     Int        OH
                               1,2
       7  1558.9  1691.7      53.8
       8  3755.7 10000.0      51.3
       9  3878.6 3553.59      54.5
