     idx       v     O     H     H
                     1     2     3
       6  1558.9   7.6  46.2  46.2
       7  3755.7   3.7  47.6  48.7
       8  3878.6   7.8  46.7  45.5
